// Jest Snapshot v1, https://goo.gl/fbAQLP

exports[`Create DaikinCloudThermostatAccessory with altherma device 1`] = `
daikinAlthermaAccessory {
  "accessory": MockPlatformAccessory {
    "UUID": "dc4a509fac84ed39d21e5747f42d1adf",
    "context": {
      "device": DaikinCloudDevice {
        "cloud": DaikinCloudController {
          "_events": {},
          "_eventsCount": 0,
          "_maxListeners": undefined,
          "openIdClient": Client {
            "authorization_signed_response_alg": "RS256",
            "client_id": "7rk39602f0ds8lk0h076vvijnb",
            "grant_types": [
              "authorization_code",
            ],
            "id_token_signed_response_alg": "RS256",
            "redirect_uris": [
              "daikinunified://login",
            ],
            "response_types": [
              "code",
            ],
            "token_endpoint_auth_method": "none",
            Symbol(): 0,
          },
          "openIdClientId": "7rk39602f0ds8lk0h076vvijnb",
          "openIdIssuer": Issuer {
            "Client": [Function],
            "FAPI1Client": [Function],
            "authorization_endpoint": "https://daikin-unicloud-prod.auth.eu-west-1.amazoncognito.com/oauth2/authorize",
            "issuer": "https://cognito-idp.eu-west-1.amazonaws.com/eu-west-1_SLI9qJpc7",
            "token_endpoint": "https://daikin-unicloud-prod.auth.eu-west-1.amazoncognito.com/oauth2/token",
            "token_endpoint_auth_methods_supported": [
              "none",
            ],
          },
          "options": {
            "communicationRetries": 3,
            "communicationTimeout": 10000,
            "logLevel": "info",
            "logger": null,
          },
          "tokenSet": undefined,
          Symbol(kCapture): false,
        },
        "desc": {
          "_id": "10b029e7-484c-4519-b22e-c14be4b7a71c",
          "deviceModel": "Altherma",
          "embeddedId": "e1bac939-1495-4803-a6a3-ca2f9388c8ad",
          "id": "10b029e7-484c-4519-b22e-c14be4b7a71c",
          "isCloudConnectionUp": {
            "settable": false,
            "value": true,
          },
          "lastUpdateReceived": "2023-03-07T19:01:39.983Z",
          "managementPoints": [
            {
              "embeddedId": "gateway",
              "firmwareVersion": {
                "maxLength": 8,
                "settable": false,
                "value": "3.2.4",
              },
              "iconId": {
                "requiresReboot": false,
                "settable": true,
                "value": 3,
              },
              "ipAddress": {
                "maxLength": 15,
                "settable": false,
                "value": "192.168.1.10",
              },
              "isFirmwareUpdateSupported": {
                "requiresReboot": false,
                "settable": false,
                "value": true,
              },
              "macAddress": {
                "maxLength": 17,
                "settable": false,
                "value": "48:e7:da:01:c6:08",
              },
              "managementPointCategory": "secondary",
              "managementPointType": "gateway",
              "modelInfo": {
                "maxLength": 9,
                "settable": false,
                "value": "BRP069A78",
              },
              "name": {
                "maxLength": 63,
                "requiresReboot": false,
                "settable": true,
                "value": "Gateway",
              },
              "serialNumber": {
                "maxLength": 16,
                "settable": false,
                "value": "0060691",
              },
              "ssid": {
                "maxLength": 9,
                "requiresReboot": false,
                "settable": false,
                "value": "daikin-ap",
              },
              "wifiConnectionSSID": {
                "maxLength": 32,
                "requiresReboot": false,
                "settable": false,
                "value": "Proximus-Home-B7B0",
              },
              "wifiConnectionStrength": {
                "maxValue": 0,
                "minValue": -90,
                "requiresReboot": false,
                "settable": false,
                "stepValue": 1,
                "value": -29,
              },
            },
            {
              "consumptionData": {
                "ref": "#consumptionData",
                "requiresReboot": false,
                "settable": false,
                "value": {
                  "electrical": {
                    "heating": {
                      "d": [
                        2,
                        0,
                        0,
                        1,
                        4,
                        2,
                        0,
                        0,
                        0,
                        0,
                        4,
                        2,
                        0,
                        0,
                        0,
                        4,
                        2,
                        1,
                        0,
                        0,
                        1,
                        null,
                        null,
                        null,
                      ],
                      "m": [
                        null,
                        null,
                        228,
                        273,
                        28,
                        21,
                        0,
                        0,
                        48,
                        96,
                        220,
                        565,
                        437,
                        320,
                        107,
                        null,
                        null,
                        null,
                        null,
                        null,
                        null,
                        null,
                        null,
                        null,
                      ],
                      "w": [
                        14,
                        11,
                        19,
                        13,
                        25,
                        15,
                        12,
                        15,
                        8,
                        null,
                        null,
                        null,
                        null,
                        null,
                      ],
                    },
                    "unit": "kWh",
                  },
                },
              },
              "controlMode": {
                "requiresReboot": false,
                "settable": false,
                "value": "roomTemperature",
                "values": [
                  "leavingWaterTemperature",
                  "externalRoomTemperature",
                  "roomTemperature",
                ],
              },
              "embeddedId": "climateControlMainZone",
              "errorCode": {
                "maxLength": 16,
                "requiresReboot": false,
                "settable": false,
                "value": "",
              },
              "holidayMode": {
                "ref": "#holidayMode",
                "requiresReboot": false,
                "settable": true,
                "value": {
                  "enabled": false,
                  "endDate": "2017-01-01",
                  "startDate": "2017-01-01",
                },
              },
              "iconId": {
                "requiresReboot": false,
                "settable": true,
                "value": 8,
              },
              "isHolidayModeActive": {
                "requiresReboot": false,
                "settable": false,
                "value": false,
              },
              "isInEmergencyState": {
                "requiresReboot": false,
                "settable": false,
                "value": false,
              },
              "isInErrorState": {
                "requiresReboot": false,
                "settable": false,
                "value": false,
              },
              "isInInstallerState": {
                "requiresReboot": false,
                "settable": false,
                "value": false,
              },
              "isInWarningState": {
                "requiresReboot": false,
                "settable": false,
                "value": false,
              },
              "managementPointCategory": "primary",
              "managementPointSubType": "mainZone",
              "managementPointType": "climateControl",
              "name": {
                "maxLength": 63,
                "requiresReboot": false,
                "settable": true,
                "value": "Altherma",
              },
              "onOffMode": {
                "requiresReboot": false,
                "settable": true,
                "value": "on",
                "values": [
                  "off",
                  "on",
                ],
              },
              "operationMode": {
                "requiresReboot": false,
                "settable": false,
                "value": "heating",
                "values": [
                  "heating",
                ],
              },
              "schedule": {
                "ref": "#schedule",
                "settable": true,
                "value": {
                  "currentMode": {
                    "settable": false,
                    "value": "heating",
                    "values": [
                      "heating",
                    ],
                  },
                  "modes": {
                    "heating": {
                      "currentSchedule": {
                        "requiresReboot": false,
                        "settable": true,
                        "value": "scheduleHeatingRT1",
                        "values": [
                          "scheduleHeatingRT1",
                          "scheduleHeatingRT2",
                          "scheduleHeatingRT3",
                        ],
                      },
                      "enabled": {
                        "requiresReboot": false,
                        "settable": true,
                        "value": true,
                      },
                      "meta": {
                        "actionTypes": {
                          "roomTemperature": {
                            "maxValue": 30,
                            "minValue": 12,
                            "settable": false,
                            "stepValue": 1,
                          },
                        },
                        "consecutiveActionsAllowed": true,
                        "maxActionsPerActionPeriod": 6,
                        "maxSchedules": 3,
                        "minIntervalBetweenActions": "00:10:00",
                      },
                      "schedules": {
                        "scheduleHeatingRT1": {
                          "actions": {},
                          "meta": {
                            "actionPeriods": [
                              "monday",
                              "tuesday",
                              "wednesday",
                              "thursday",
                              "friday",
                              "saturday",
                              "sunday",
                            ],
                            "isReadOnly": false,
                          },
                          "name": {
                            "requiresReboot": false,
                            "settable": true,
                            "value": "User defined 1",
                          },
                          "settable": true,
                        },
                        "scheduleHeatingRT2": {
                          "actions": {},
                          "meta": {
                            "actionPeriods": [
                              "monday",
                              "tuesday",
                              "wednesday",
                              "thursday",
                              "friday",
                              "saturday",
                              "sunday",
                            ],
                            "isReadOnly": false,
                          },
                          "name": {
                            "requiresReboot": false,
                            "settable": true,
                            "value": "User defined 2",
                          },
                          "settable": true,
                        },
                        "scheduleHeatingRT3": {
                          "actions": {},
                          "meta": {
                            "actionPeriods": [
                              "monday",
                              "tuesday",
                              "wednesday",
                              "thursday",
                              "friday",
                              "saturday",
                              "sunday",
                            ],
                            "isReadOnly": false,
                          },
                          "name": {
                            "requiresReboot": false,
                            "settable": true,
                            "value": "User defined 3",
                          },
                          "settable": true,
                        },
                      },
                    },
                  },
                },
              },
              "sensoryData": {
                "ref": "#sensoryData",
                "settable": false,
                "value": {
                  "leavingWaterTemperature": {
                    "maxValue": 127,
                    "minValue": -127,
                    "requiresReboot": false,
                    "settable": false,
                    "stepValue": 1,
                    "value": 35,
                  },
                  "outdoorTemperature": {
                    "maxValue": 127,
                    "minValue": -127,
                    "requiresReboot": false,
                    "settable": false,
                    "stepValue": 1,
                    "value": 4,
                  },
                  "roomTemperature": {
                    "maxValue": 127,
                    "minValue": -127,
                    "requiresReboot": false,
                    "settable": false,
                    "stepValue": 0.1,
                    "value": 22.4,
                  },
                },
              },
              "setpointMode": {
                "requiresReboot": true,
                "settable": false,
                "value": "weatherDependent",
                "values": [
                  "fixed",
                  "weatherDependent",
                ],
              },
              "temperatureControl": {
                "ref": "#temperatureControl",
                "settable": true,
                "value": {
                  "operationModes": {
                    "auto": {
                      "setpoints": {
                        "leavingWaterOffset": {
                          "maxValue": 10,
                          "minValue": -10,
                          "requiresReboot": false,
                          "settable": true,
                          "stepValue": 1,
                          "value": 0,
                        },
                        "roomTemperature": {
                          "maxValue": 30,
                          "minValue": 12,
                          "requiresReboot": false,
                          "settable": true,
                          "stepValue": 0.5,
                          "value": 22,
                        },
                      },
                    },
                    "cooling": {
                      "setpoints": {},
                    },
                    "heating": {
                      "setpoints": {
                        "leavingWaterOffset": {
                          "maxValue": 10,
                          "minValue": -10,
                          "requiresReboot": false,
                          "settable": true,
                          "stepValue": 1,
                          "value": 0,
                        },
                        "roomTemperature": {
                          "maxValue": 30,
                          "minValue": 12,
                          "requiresReboot": false,
                          "settable": true,
                          "stepValue": 0.5,
                          "value": 22,
                        },
                      },
                    },
                  },
                },
              },
            },
            {
              "consumptionData": {
                "ref": "#consumptionData",
                "requiresReboot": false,
                "settable": false,
                "value": {
                  "electrical": {
                    "heating": {
                      "d": [
                        0,
                        0,
                        0,
                        0,
                        0,
                        0,
                        0,
                        1,
                        1,
                        0,
                        0,
                        0,
                        0,
                        0,
                        0,
                        0,
                        0,
                        0,
                        0,
                        0,
                        1,
                        null,
                        null,
                        null,
                      ],
                      "m": [
                        null,
                        null,
                        15,
                        23,
                        22,
                        23,
                        22,
                        17,
                        20,
                        23,
                        25,
                        36,
                        38,
                        36,
                        9,
                        null,
                        null,
                        null,
                        null,
                        null,
                        null,
                        null,
                        null,
                        null,
                      ],
                      "w": [
                        2,
                        2,
                        2,
                        1,
                        0,
                        1,
                        2,
                        2,
                        1,
                        null,
                        null,
                        null,
                        null,
                        null,
                      ],
                    },
                    "unit": "kWh",
                  },
                },
              },
              "embeddedId": "domesticHotWaterTank",
              "errorCode": {
                "maxLength": 16,
                "requiresReboot": false,
                "settable": false,
                "value": "",
              },
              "heatupMode": {
                "requiresReboot": true,
                "settable": false,
                "value": "reheatOnly",
                "values": [
                  "reheatOnly",
                  "reheatSchedule",
                  "scheduleOnly",
                ],
              },
              "iconId": {
                "requiresReboot": false,
                "settable": true,
                "value": 9,
              },
              "isHolidayModeActive": {
                "requiresReboot": false,
                "settable": false,
                "value": false,
              },
              "isInEmergencyState": {
                "requiresReboot": false,
                "settable": false,
                "value": false,
              },
              "isInErrorState": {
                "requiresReboot": false,
                "settable": false,
                "value": false,
              },
              "isInInstallerState": {
                "requiresReboot": false,
                "settable": false,
                "value": false,
              },
              "isInWarningState": {
                "requiresReboot": false,
                "settable": false,
                "value": false,
              },
              "isPowerfulModeActive": {
                "requiresReboot": false,
                "settable": false,
                "value": false,
              },
              "managementPointCategory": "primary",
              "managementPointType": "domesticHotWaterTank",
              "name": {
                "maxLength": 63,
                "requiresReboot": false,
                "settable": true,
                "value": "",
              },
              "onOffMode": {
                "requiresReboot": false,
                "settable": true,
                "value": "on",
                "values": [
                  "off",
                  "on",
                ],
              },
              "operationMode": {
                "settable": false,
                "value": "heating",
                "values": [
                  "heating",
                ],
              },
              "powerfulMode": {
                "requiresReboot": false,
                "settable": true,
                "value": "off",
                "values": [
                  "off",
                  "on",
                ],
              },
              "sensoryData": {
                "ref": "#sensoryData",
                "settable": false,
                "value": {
                  "tankTemperature": {
                    "maxValue": 127,
                    "minValue": -127,
                    "requiresReboot": false,
                    "settable": false,
                    "stepValue": 1,
                    "value": 48,
                  },
                },
              },
              "setpointMode": {
                "requiresReboot": false,
                "settable": false,
                "value": "fixed",
                "values": [
                  "fixed",
                  "weatherDependent",
                ],
              },
              "temperatureControl": {
                "ref": "#temperatureControl",
                "settable": true,
                "value": {
                  "operationModes": {
                    "heating": {
                      "setpoints": {
                        "domesticHotWaterTemperature": {
                          "maxValue": 60,
                          "minValue": 30,
                          "requiresReboot": false,
                          "settable": true,
                          "stepValue": 1,
                          "value": 48,
                        },
                      },
                    },
                  },
                },
              },
            },
            {
              "eepromVersion": {
                "maxLength": 16,
                "requiresReboot": false,
                "settable": false,
                "value": "3608726-66C",
              },
              "embeddedId": "indoorUnitHydro",
              "iconId": {
                "requiresReboot": false,
                "settable": true,
                "value": 4,
              },
              "managementPointCategory": "secondary",
              "managementPointType": "indoorUnitHydro",
              "modelInfo": {
                "maxLength": 16,
                "requiresReboot": false,
                "settable": false,
                "value": "EHVH08S23EJ9W",
              },
              "name": {
                "maxLength": 63,
                "requiresReboot": false,
                "settable": true,
                "value": "Indoor Hydro Unit",
              },
              "softwareVersion": {
                "maxLength": 16,
                "requiresReboot": false,
                "settable": false,
                "value": "0222",
              },
            },
            {
              "embeddedId": "outdoorUnit",
              "iconId": {
                "requiresReboot": false,
                "settable": true,
                "value": 5,
              },
              "managementPointCategory": "secondary",
              "managementPointType": "outdoorUnit",
              "name": {
                "maxLength": 63,
                "requiresReboot": false,
                "settable": true,
                "value": "Outdoor Unit",
              },
              "softwareVersion": {
                "maxLength": 16,
                "requiresReboot": false,
                "settable": false,
                "value": "FFFF",
              },
            },
            {
              "dateTime": {
                "requiresReboot": false,
                "settable": false,
                "value": "2023-03-07T18:17:27",
              },
              "embeddedId": "userInterface",
              "firmwareVersion": {
                "deprecated": "DEPRECATED",
                "maxLength": 16,
                "requiresReboot": false,
                "settable": false,
                "value": "6.9.0",
              },
              "iconId": {
                "requiresReboot": false,
                "settable": true,
                "value": 6,
              },
              "managementPointCategory": "secondary",
              "managementPointType": "userInterface",
              "miconId": {
                "maxLength": 16,
                "requiresReboot": false,
                "settable": false,
                "value": "20010E05",
              },
              "modelInfo": {
                "maxLength": 16,
                "requiresReboot": false,
                "settable": false,
                "value": "EHVH08S23EJ9W",
              },
              "name": {
                "maxLength": 63,
                "requiresReboot": false,
                "settable": true,
                "value": "User Interface",
              },
              "softwareVersion": {
                "maxLength": 16,
                "requiresReboot": false,
                "settable": false,
                "value": "6.9.0",
              },
            },
          ],
          "timestamp": "2023-03-07T19:01:39.983Z",
          "type": "heating-wlan",
        },
        "managementPoints": {
          "climateControlMainZone": {
            "consumptionData": {
              "/electrical": {
                "heating": {
                  "d": [
                    2,
                    0,
                    0,
                    1,
                    4,
                    2,
                    0,
                    0,
                    0,
                    0,
                    4,
                    2,
                    0,
                    0,
                    0,
                    4,
                    2,
                    1,
                    0,
                    0,
                    1,
                    null,
                    null,
                    null,
                  ],
                  "m": [
                    null,
                    null,
                    228,
                    273,
                    28,
                    21,
                    0,
                    0,
                    48,
                    96,
                    220,
                    565,
                    437,
                    320,
                    107,
                    null,
                    null,
                    null,
                    null,
                    null,
                    null,
                    null,
                    null,
                    null,
                  ],
                  "w": [
                    14,
                    11,
                    19,
                    13,
                    25,
                    15,
                    12,
                    15,
                    8,
                    null,
                    null,
                    null,
                    null,
                    null,
                  ],
                },
                "unit": "kWh",
              },
            },
            "controlMode": {
              "requiresReboot": false,
              "settable": false,
              "value": "roomTemperature",
              "values": [
                "leavingWaterTemperature",
                "externalRoomTemperature",
                "roomTemperature",
              ],
            },
            "errorCode": {
              "maxLength": 16,
              "requiresReboot": false,
              "settable": false,
              "value": "",
            },
            "holidayMode": {},
            "iconId": {
              "requiresReboot": false,
              "settable": true,
              "value": 8,
            },
            "isHolidayModeActive": {
              "requiresReboot": false,
              "settable": false,
              "value": false,
            },
            "isInEmergencyState": {
              "requiresReboot": false,
              "settable": false,
              "value": false,
            },
            "isInErrorState": {
              "requiresReboot": false,
              "settable": false,
              "value": false,
            },
            "isInInstallerState": {
              "requiresReboot": false,
              "settable": false,
              "value": false,
            },
            "isInWarningState": {
              "requiresReboot": false,
              "settable": false,
              "value": false,
            },
            "name": {
              "maxLength": 63,
              "requiresReboot": false,
              "settable": true,
              "value": "Altherma",
            },
            "onOffMode": {
              "requiresReboot": false,
              "settable": true,
              "value": "on",
              "values": [
                "off",
                "on",
              ],
            },
            "operationMode": {
              "requiresReboot": false,
              "settable": false,
              "value": "heating",
              "values": [
                "heating",
              ],
            },
            "schedule": {
              "/currentMode": {
                "settable": false,
                "value": "heating",
                "values": [
                  "heating",
                ],
              },
              "/modes/heating/currentSchedule": {
                "requiresReboot": false,
                "settable": true,
                "value": "scheduleHeatingRT1",
                "values": [
                  "scheduleHeatingRT1",
                  "scheduleHeatingRT2",
                  "scheduleHeatingRT3",
                ],
              },
              "/modes/heating/enabled": {
                "requiresReboot": false,
                "settable": true,
                "value": true,
              },
              "/modes/heating/meta": {
                "actionTypes": {
                  "roomTemperature": {
                    "maxValue": 30,
                    "minValue": 12,
                    "settable": false,
                    "stepValue": 1,
                  },
                },
                "consecutiveActionsAllowed": true,
                "maxActionsPerActionPeriod": 6,
                "maxSchedules": 3,
                "minIntervalBetweenActions": "00:10:00",
              },
              "/modes/heating/schedules/scheduleHeatingRT1": {
                "actions": {},
                "meta": {
                  "actionPeriods": [
                    "monday",
                    "tuesday",
                    "wednesday",
                    "thursday",
                    "friday",
                    "saturday",
                    "sunday",
                  ],
                  "isReadOnly": false,
                },
                "name": {
                  "requiresReboot": false,
                  "settable": true,
                  "value": "User defined 1",
                },
                "settable": true,
              },
              "/modes/heating/schedules/scheduleHeatingRT2": {
                "actions": {},
                "meta": {
                  "actionPeriods": [
                    "monday",
                    "tuesday",
                    "wednesday",
                    "thursday",
                    "friday",
                    "saturday",
                    "sunday",
                  ],
                  "isReadOnly": false,
                },
                "name": {
                  "requiresReboot": false,
                  "settable": true,
                  "value": "User defined 2",
                },
                "settable": true,
              },
              "/modes/heating/schedules/scheduleHeatingRT3": {
                "actions": {},
                "meta": {
                  "actionPeriods": [
                    "monday",
                    "tuesday",
                    "wednesday",
                    "thursday",
                    "friday",
                    "saturday",
                    "sunday",
                  ],
                  "isReadOnly": false,
                },
                "name": {
                  "requiresReboot": false,
                  "settable": true,
                  "value": "User defined 3",
                },
                "settable": true,
              },
            },
            "sensoryData": {
              "/leavingWaterTemperature": {
                "maxValue": 127,
                "minValue": -127,
                "requiresReboot": false,
                "settable": false,
                "stepValue": 1,
                "value": 35,
              },
              "/outdoorTemperature": {
                "maxValue": 127,
                "minValue": -127,
                "requiresReboot": false,
                "settable": false,
                "stepValue": 1,
                "value": 4,
              },
              "/roomTemperature": {
                "maxValue": 127,
                "minValue": -127,
                "requiresReboot": false,
                "settable": false,
                "stepValue": 0.1,
                "value": 22.4,
              },
            },
            "setpointMode": {
              "requiresReboot": true,
              "settable": false,
              "value": "weatherDependent",
              "values": [
                "fixed",
                "weatherDependent",
              ],
            },
            "temperatureControl": {
              "/operationModes/auto/setpoints/leavingWaterOffset": {
                "maxValue": 10,
                "minValue": -10,
                "requiresReboot": false,
                "settable": true,
                "stepValue": 1,
                "value": 0,
              },
              "/operationModes/auto/setpoints/roomTemperature": {
                "maxValue": 30,
                "minValue": 12,
                "requiresReboot": false,
                "settable": true,
                "stepValue": 0.5,
                "value": 22,
              },
              "/operationModes/heating/setpoints/leavingWaterOffset": {
                "maxValue": 10,
                "minValue": -10,
                "requiresReboot": false,
                "settable": true,
                "stepValue": 1,
                "value": 0,
              },
              "/operationModes/heating/setpoints/roomTemperature": {
                "maxValue": 30,
                "minValue": 12,
                "requiresReboot": false,
                "settable": true,
                "stepValue": 0.5,
                "value": 22,
              },
            },
          },
          "domesticHotWaterTank": {
            "consumptionData": {
              "/electrical": {
                "heating": {
                  "d": [
                    0,
                    0,
                    0,
                    0,
                    0,
                    0,
                    0,
                    1,
                    1,
                    0,
                    0,
                    0,
                    0,
                    0,
                    0,
                    0,
                    0,
                    0,
                    0,
                    0,
                    1,
                    null,
                    null,
                    null,
                  ],
                  "m": [
                    null,
                    null,
                    15,
                    23,
                    22,
                    23,
                    22,
                    17,
                    20,
                    23,
                    25,
                    36,
                    38,
                    36,
                    9,
                    null,
                    null,
                    null,
                    null,
                    null,
                    null,
                    null,
                    null,
                    null,
                  ],
                  "w": [
                    2,
                    2,
                    2,
                    1,
                    0,
                    1,
                    2,
                    2,
                    1,
                    null,
                    null,
                    null,
                    null,
                    null,
                  ],
                },
                "unit": "kWh",
              },
            },
            "errorCode": {
              "maxLength": 16,
              "requiresReboot": false,
              "settable": false,
              "value": "",
            },
            "heatupMode": {
              "requiresReboot": true,
              "settable": false,
              "value": "reheatOnly",
              "values": [
                "reheatOnly",
                "reheatSchedule",
                "scheduleOnly",
              ],
            },
            "iconId": {
              "requiresReboot": false,
              "settable": true,
              "value": 9,
            },
            "isHolidayModeActive": {
              "requiresReboot": false,
              "settable": false,
              "value": false,
            },
            "isInEmergencyState": {
              "requiresReboot": false,
              "settable": false,
              "value": false,
            },
            "isInErrorState": {
              "requiresReboot": false,
              "settable": false,
              "value": false,
            },
            "isInInstallerState": {
              "requiresReboot": false,
              "settable": false,
              "value": false,
            },
            "isInWarningState": {
              "requiresReboot": false,
              "settable": false,
              "value": false,
            },
            "isPowerfulModeActive": {
              "requiresReboot": false,
              "settable": false,
              "value": false,
            },
            "name": {
              "maxLength": 63,
              "requiresReboot": false,
              "settable": true,
              "value": "",
            },
            "onOffMode": {
              "requiresReboot": false,
              "settable": true,
              "value": "on",
              "values": [
                "off",
                "on",
              ],
            },
            "operationMode": {
              "settable": false,
              "value": "heating",
              "values": [
                "heating",
              ],
            },
            "powerfulMode": {
              "requiresReboot": false,
              "settable": true,
              "value": "off",
              "values": [
                "off",
                "on",
              ],
            },
            "sensoryData": {
              "/tankTemperature": {
                "maxValue": 127,
                "minValue": -127,
                "requiresReboot": false,
                "settable": false,
                "stepValue": 1,
                "value": 48,
              },
            },
            "setpointMode": {
              "requiresReboot": false,
              "settable": false,
              "value": "fixed",
              "values": [
                "fixed",
                "weatherDependent",
              ],
            },
            "temperatureControl": {
              "/operationModes/heating/setpoints/domesticHotWaterTemperature": {
                "maxValue": 60,
                "minValue": 30,
                "requiresReboot": false,
                "settable": true,
                "stepValue": 1,
                "value": 48,
              },
            },
          },
          "gateway": {
            "firmwareVersion": {
              "maxLength": 8,
              "settable": false,
              "value": "3.2.4",
            },
            "iconId": {
              "requiresReboot": false,
              "settable": true,
              "value": 3,
            },
            "ipAddress": {
              "maxLength": 15,
              "settable": false,
              "value": "192.168.1.10",
            },
            "isFirmwareUpdateSupported": {
              "requiresReboot": false,
              "settable": false,
              "value": true,
            },
            "macAddress": {
              "maxLength": 17,
              "settable": false,
              "value": "48:e7:da:01:c6:08",
            },
            "modelInfo": {
              "maxLength": 9,
              "settable": false,
              "value": "BRP069A78",
            },
            "name": {
              "maxLength": 63,
              "requiresReboot": false,
              "settable": true,
              "value": "Gateway",
            },
            "serialNumber": {
              "maxLength": 16,
              "settable": false,
              "value": "0060691",
            },
            "ssid": {
              "maxLength": 9,
              "requiresReboot": false,
              "settable": false,
              "value": "daikin-ap",
            },
            "wifiConnectionSSID": {
              "maxLength": 32,
              "requiresReboot": false,
              "settable": false,
              "value": "Proximus-Home-B7B0",
            },
            "wifiConnectionStrength": {
              "maxValue": 0,
              "minValue": -90,
              "requiresReboot": false,
              "settable": false,
              "stepValue": 1,
              "value": -29,
            },
          },
          "indoorUnitHydro": {
            "eepromVersion": {
              "maxLength": 16,
              "requiresReboot": false,
              "settable": false,
              "value": "3608726-66C",
            },
            "iconId": {
              "requiresReboot": false,
              "settable": true,
              "value": 4,
            },
            "modelInfo": {
              "maxLength": 16,
              "requiresReboot": false,
              "settable": false,
              "value": "EHVH08S23EJ9W",
            },
            "name": {
              "maxLength": 63,
              "requiresReboot": false,
              "settable": true,
              "value": "Indoor Hydro Unit",
            },
            "softwareVersion": {
              "maxLength": 16,
              "requiresReboot": false,
              "settable": false,
              "value": "0222",
            },
          },
          "outdoorUnit": {
            "iconId": {
              "requiresReboot": false,
              "settable": true,
              "value": 5,
            },
            "name": {
              "maxLength": 63,
              "requiresReboot": false,
              "settable": true,
              "value": "Outdoor Unit",
            },
            "softwareVersion": {
              "maxLength": 16,
              "requiresReboot": false,
              "settable": false,
              "value": "FFFF",
            },
          },
          "userInterface": {
            "dateTime": {
              "requiresReboot": false,
              "settable": false,
              "value": "2023-03-07T18:17:27",
            },
            "firmwareVersion": {
              "deprecated": "DEPRECATED",
              "maxLength": 16,
              "requiresReboot": false,
              "settable": false,
              "value": "6.9.0",
            },
            "iconId": {
              "requiresReboot": false,
              "settable": true,
              "value": 6,
            },
            "miconId": {
              "maxLength": 16,
              "requiresReboot": false,
              "settable": false,
              "value": "20010E05",
            },
            "modelInfo": {
              "maxLength": 16,
              "requiresReboot": false,
              "settable": false,
              "value": "EHVH08S23EJ9W",
            },
            "name": {
              "maxLength": 63,
              "requiresReboot": false,
              "settable": true,
              "value": "User Interface",
            },
            "softwareVersion": {
              "maxLength": 16,
              "requiresReboot": false,
              "settable": false,
              "value": "6.9.0",
            },
          },
        },
      },
    },
    "displayName": "Altherma",
    "on": [MockFunction],
    "services": [
      AccessoryInformation {
        "characteristics": [
          Manufacturer {
            "events": {},
            "props": {},
            "value": "Daikin",
          },
          Model {
            "events": {},
            "props": {},
            "value": "BRP069A78",
          },
          SerialNumber {
            "events": {},
            "props": {},
            "value": "0060691",
          },
        ],
        "linkedServices": [],
        "name": "Altherma",
        "optionalCharacteristics": [],
      },
      HeaterCooler {
        "characteristics": [
          Name {
            "events": {},
            "props": {},
            "value": "Altherma",
          },
          Active {
            "events": {
              "get": [Function],
              "set": [Function],
            },
            "props": {},
            "value": "",
          },
          CurrentTemperature {
            "events": {
              "get": [Function],
            },
            "props": {},
            "value": "",
          },
          TargetHeaterCoolerState {
            "events": {
              "get": [Function],
              "set": [Function],
            },
            "props": {
              "maxValue": 2,
              "minStep": 1,
              "minValue": 0,
            },
            "value": "",
          },
          HeatingThresholdTemperature {
            "events": {
              "get": [Function],
              "set": [Function],
            },
            "props": {
              "maxValue": 30,
              "minStep": undefined,
              "minValue": 12,
            },
            "value": "",
          },
        ],
        "linkedServices": [],
        "name": undefined,
        "optionalCharacteristics": [],
      },
      Thermostat {
        "characteristics": [
          Name {
            "events": {},
            "props": {},
            "value": "Hot water tank",
          },
          ConfiguredName {
            "events": {},
            "props": {},
            "value": "Hot water tank",
          },
          CurrentTemperature {
            "events": {
              "get": [Function],
            },
            "props": {},
            "value": "",
          },
          TargetTemperature {
            "events": {
              "get": [Function],
              "set": [Function],
            },
            "props": {
              "maxValue": 60,
              "minStep": 1,
              "minValue": 30,
            },
            "value": "",
          },
          TargetHeatingCoolingState {
            "events": {
              "get": [Function],
              "set": [Function],
            },
            "props": {
              "maxValue": 1,
              "minStep": 1,
              "minValue": 0,
            },
            "value": "",
          },
        ],
        "linkedServices": [],
        "name": "Hot water tank",
        "optionalCharacteristics": [
          ConfiguredName {
            "events": {},
            "props": {},
            "value": "",
          },
        ],
      },
    ],
  },
  "hotWaterTankService": Thermostat {
    "characteristics": [
      Name {
        "events": {},
        "props": {},
        "value": "Hot water tank",
      },
      ConfiguredName {
        "events": {},
        "props": {},
        "value": "Hot water tank",
      },
      CurrentTemperature {
        "events": {
          "get": [Function],
        },
        "props": {},
        "value": "",
      },
      TargetTemperature {
        "events": {
          "get": [Function],
          "set": [Function],
        },
        "props": {
          "maxValue": 60,
          "minStep": 1,
          "minValue": 30,
        },
        "value": "",
      },
      TargetHeatingCoolingState {
        "events": {
          "get": [Function],
          "set": [Function],
        },
        "props": {
          "maxValue": 1,
          "minStep": 1,
          "minValue": 0,
        },
        "value": "",
      },
    ],
    "linkedServices": [],
    "name": "Hot water tank",
    "optionalCharacteristics": [
      ConfiguredName {
        "events": {},
        "props": {},
        "value": "",
      },
    ],
  },
  "name": "Altherma",
  "platform": DaikinCloudPlatform {
    "Characteristic": {
      "Active": [Function],
      "CarbonDioxideDetected": [Function],
      "CarbonDioxideLevel": [Function],
      "ConfiguredName": [Function],
      "CoolingThresholdTemperature": [Function],
      "CurrentAirPurifierState": [Function],
      "CurrentHeaterCoolerState": [Function],
      "CurrentRelativeHumidity": [Function],
      "CurrentTemperature": [Function],
      "FilterChangeIndication": [Function],
      "FilterLifeLevel": [Function],
      "FirmwareRevision": [Function],
      "HardwareRevision": [Function],
      "HeatingThresholdTemperature": [Function],
      "Manufacturer": [Function],
      "Model": [Function],
      "Name": [Function],
      "On": [Function],
      "RotationSpeed": [Function],
      "SerialNumber": [Function],
      "StatusActive": [Function],
      "SwingMode": [Function],
      "TargetAirPurifierState": [Function],
      "TargetHeaterCoolerState": [Function],
      "TargetHeatingCoolingState": [Function],
      "TargetTemperature": [Function],
    },
    "Service": {
      "AccessoryInformation": [Function],
      "AirPurifier": [Function],
      "CarbonDioxideSensor": [Function],
      "FilterMaintenance": [Function],
      "HeaterCooler": [Function],
      "HumiditySensor": [Function],
      "Switch": [Function],
      "TemperatureSensor": [Function],
      "Thermostat": [Function],
    },
    "accessories": [],
    "api": MockHomebridge {
      "eventEmitter": EventEmitter {
        "_events": {
          "didFinishLaunching": [Function],
        },
        "_eventsCount": 1,
        "_maxListeners": undefined,
        Symbol(kCapture): false,
      },
      "hap": {
        "Characteristic": {
          "Active": [Function],
          "CarbonDioxideDetected": [Function],
          "CarbonDioxideLevel": [Function],
          "ConfiguredName": [Function],
          "CoolingThresholdTemperature": [Function],
          "CurrentAirPurifierState": [Function],
          "CurrentHeaterCoolerState": [Function],
          "CurrentRelativeHumidity": [Function],
          "CurrentTemperature": [Function],
          "FilterChangeIndication": [Function],
          "FilterLifeLevel": [Function],
          "FirmwareRevision": [Function],
          "HardwareRevision": [Function],
          "HeatingThresholdTemperature": [Function],
          "Manufacturer": [Function],
          "Model": [Function],
          "Name": [Function],
          "On": [Function],
          "RotationSpeed": [Function],
          "SerialNumber": [Function],
          "StatusActive": [Function],
          "SwingMode": [Function],
          "TargetAirPurifierState": [Function],
          "TargetHeaterCoolerState": [Function],
          "TargetHeatingCoolingState": [Function],
          "TargetTemperature": [Function],
        },
        "Service": {
          "AccessoryInformation": [Function],
          "AirPurifier": [Function],
          "CarbonDioxideSensor": [Function],
          "FilterMaintenance": [Function],
          "HeaterCooler": [Function],
          "HumiditySensor": [Function],
          "Switch": [Function],
          "TemperatureSensor": [Function],
          "Thermostat": [Function],
        },
        "uuid": {
          "generate": [Function],
        },
      },
      "platformAccessory": [Function],
      "registerPlatform": [MockFunction],
      "registerPlatformAccessories": [MockFunction],
      "unregisterPlatformAccessories": [MockFunction],
      "user": {
        "storagePath": [Function],
      },
    },
    "config": MockPlatformConfig {
      "name": "Home",
      "password": "test",
      "platform": "Home",
      "showExtraFeatures": true,
      "username": "test",
    },
    "log": [Function],
    "storagePath": "storagePath",
  },
  "service": HeaterCooler {
    "characteristics": [
      Name {
        "events": {},
        "props": {},
        "value": "Altherma",
      },
      Active {
        "events": {
          "get": [Function],
          "set": [Function],
        },
        "props": {},
        "value": "",
      },
      CurrentTemperature {
        "events": {
          "get": [Function],
        },
        "props": {},
        "value": "",
      },
      TargetHeaterCoolerState {
        "events": {
          "get": [Function],
          "set": [Function],
        },
        "props": {
          "maxValue": 2,
          "minStep": 1,
          "minValue": 0,
        },
        "value": "",
      },
      HeatingThresholdTemperature {
        "events": {
          "get": [Function],
          "set": [Function],
        },
        "props": {
          "maxValue": 30,
          "minStep": undefined,
          "minValue": 12,
        },
        "value": "",
      },
    ],
    "linkedServices": [],
    "name": undefined,
    "optionalCharacteristics": [],
  },
}
`;
